
========================================================================
Multi-Epoch Test: mnist dts partial
========================================================================

Configuration:
  Dataset: MNIST
  Format: DTS
  Mode: PARTIAL
  Load workers: 8
  Preprocess workers: 16
  Train samples: 60000
  Val samples: 10000

Test Flow:
  1. Validation Set (Epoch -1) - Pre-training validation
  2. Training Set (Epoch 0)
  3. Validation Set (Epoch 0)
  4. Training Set (Epoch 1)
  5. Validation Set (Epoch 1)

Running epochs...

Epoch -1 (Pre-training validation):
  Validation Epoch -1: 10000 samples (PASSED), 0.001 s

Epoch 0:
  Training Epoch 0: 60000 samples (PASSED), 0.002 s

Epoch 0 (Validation):
  Validation Epoch 0: 10000 samples (PASSED), 0.001 s

Epoch 1:
  Training Epoch 1: 60000 samples (PASSED), 0.001 s

Epoch 1 (Validation):
  Validation Epoch 1: 10000 samples (PASSED), 0.000 s

========================================================================
SUCCESS: All epochs completed with integrity check PASSED!
========================================================================


========================================================================
Multi-Epoch Test: mnist dts fully
========================================================================

Configuration:
  Dataset: MNIST
  Format: DTS
  Mode: FULLY
  Load workers: 8
  Preprocess workers: 16
  Train samples: 60000
  Val samples: 10000

Test Flow:
  1. Validation Set (Epoch -1) - Pre-training validation
  2. Training Set (Epoch 0)
  3. Validation Set (Epoch 0)
  4. Training Set (Epoch 1)
  5. Validation Set (Epoch 1)

Running epochs...

Epoch -1 (Pre-training validation):
  Validation Epoch -1: 10000 samples (PASSED), 0.001 s

Epoch 0:
  Training Epoch 0: 60000 samples (PASSED), 0.002 s

Epoch 0 (Validation):
  Validation Epoch 0: 10000 samples (PASSED), 0.000 s

Epoch 1:
  Training Epoch 1: 60000 samples (PASSED), 0.001 s

Epoch 1 (Validation):
  Validation Epoch 1: 10000 samples (PASSED), 0.001 s

========================================================================
SUCCESS: All epochs completed with integrity check PASSED!
========================================================================


========================================================================
Multi-Epoch Test: mnist raw partial
========================================================================

Configuration:
  Dataset: MNIST
  Format: RAW
  Mode: PARTIAL
  Load workers: 8
  Preprocess workers: 16
  Train samples: 60000
  Val samples: 10000

Test Flow:
  1. Validation Set (Epoch -1) - Pre-training validation
  2. Training Set (Epoch 0)
  3. Validation Set (Epoch 0)
  4. Training Set (Epoch 1)
  5. Validation Set (Epoch 1)

Running epochs...

Epoch -1 (Pre-training validation):
  Validation Epoch -1: 10000 samples (PASSED), 0.001 s

Epoch 0:
  Training Epoch 0: 60000 samples (PASSED), 0.002 s

Epoch 0 (Validation):
  Validation Epoch 0: 10000 samples (PASSED), 0.001 s

Epoch 1:
  Training Epoch 1: 60000 samples (PASSED), 0.002 s

Epoch 1 (Validation):
  Validation Epoch 1: 10000 samples (PASSED), 0.000 s

========================================================================
SUCCESS: All epochs completed with integrity check PASSED!
========================================================================


========================================================================
Multi-Epoch Test: mnist raw fully
========================================================================

Configuration:
  Dataset: MNIST
  Format: RAW
  Mode: FULLY
  Load workers: 8
  Preprocess workers: 16
  Train samples: 60000
  Val samples: 10000

Test Flow:
  1. Validation Set (Epoch -1) - Pre-training validation
  2. Training Set (Epoch 0)
  3. Validation Set (Epoch 0)
  4. Training Set (Epoch 1)
  5. Validation Set (Epoch 1)

Running epochs...

Epoch -1 (Pre-training validation):
  Validation Epoch -1: 10000 samples (PASSED), 0.002 s

Epoch 0:
  Training Epoch 0: 60000 samples (PASSED), 0.003 s

Epoch 0 (Validation):
  Validation Epoch 0: 10000 samples (PASSED), 0.001 s

Epoch 1:
  Training Epoch 1: 60000 samples (PASSED), 0.001 s

Epoch 1 (Validation):
  Validation Epoch 1: 10000 samples (PASSED), 0.000 s

========================================================================
SUCCESS: All epochs completed with integrity check PASSED!
========================================================================

Error: [FileNotFoundError] Failed to open T:/dataset/mnist/cifar10_train.dts
  Error code: 2
  Context Chain:
    -> Failed to open T:/dataset/mnist/cifar10_train.dts
  Error code: 2 (at file_handle.cpp :: FileHandle())
    -> Failed to configure DataLoader (at preprocessor.cpp :: config_dataloader())
Error: [FileNotFoundError] Failed to open T:/dataset/mnist/cifar10_train.dts
  Error code: 2
  Context Chain:
    -> Failed to open T:/dataset/mnist/cifar10_train.dts
  Error code: 2 (at file_handle.cpp :: FileHandle())
    -> Failed to configure DataLoader (at preprocessor.cpp :: config_dataloader())
Error: [FileNotFoundError] Cannot detect CIFAR dataset type from path: T:/dataset/mnist
  Expected either:
    T:/dataset/mnist/cifar-10-batches-bin/data_batch_1.bin
    T:/dataset/mnist/cifar-100-binary/train.bin
  Context Chain:
    -> Cannot detect CIFAR dataset type from path: T:/dataset/mnist
  Expected either:
    T:/dataset/mnist/cifar-10-batches-bin/data_batch_1.bin
    T:/dataset/mnist/cifar-100-binary/train.bin (at cifar_loader_raw.cpp :: configure())
    -> Failed to configure DataLoader (at preprocessor.cpp :: config_dataloader())
Error: [FileNotFoundError] Cannot detect CIFAR dataset type from path: T:/dataset/mnist
  Expected either:
    T:/dataset/mnist/cifar-10-batches-bin/data_batch_1.bin
    T:/dataset/mnist/cifar-100-binary/train.bin
  Context Chain:
    -> Cannot detect CIFAR dataset type from path: T:/dataset/mnist
  Expected either:
    T:/dataset/mnist/cifar-10-batches-bin/data_batch_1.bin
    T:/dataset/mnist/cifar-100-binary/train.bin (at cifar_loader_raw.cpp :: configure())
    -> Failed to configure DataLoader (at preprocessor.cpp :: config_dataloader())
