mimalloc-redirect: error: mimalloc-redirect.dll seems to be initialized after ucrtbase.dll
  (hint: try to link with the mimalloc library earlier on the command line?)
mimalloc-redirect: error: mimalloc-redirect.dll seems to be initialized after ucrtbased.dll
  (hint: try to link with the mimalloc library earlier on the command line?)
mimalloc-redirect: warning: standard malloc is _not_ redirected! -- using regular malloc/free. (v1.3.3)
[2026-02-07 01:36:38.659] [DEBUG] [TR] Preprocessor constructed (preprocessor.cpp:69)
[2026-02-07 01:36:38.660] [INFO ] [TR] Configured dataset: imagenet (RAW)
[2026-02-07 01:36:38.660] [DEBUG] [TR] Built dataset paths: train=T:/dataset/imagenet, val=T:/dataset/imagenet (preprocessor.cpp:962)
[2026-02-07 01:36:38.660] [INFO ] [TR] Configuring ImageNetLoaderRaw V1.0
[2026-02-07 01:36:38.660] [INFO ] [TR]   IO workers (N): 1
[2026-02-07 01:36:38.660] [INFO ] [TR]   Preprocessor workers (M): 1
[2026-02-07 01:36:38.660] [INFO ] [TR]   Train path: T:/dataset/imagenet
[2026-02-07 01:36:38.660] [INFO ] [TR]   Val path: T:/dataset/imagenet
[2026-02-07 01:36:38.660] [INFO ] [TR]   Shuffle train: false
[2026-02-07 01:36:38.660] [INFO ] [TR]   Shuffle val: false
[2026-02-07 01:36:38.660] [INFO ] [TR]   Skip first: false
[2026-02-07 01:36:38.660] [INFO ] [TR]   Verify CRC: false (ignored for RAW loader)
[2026-02-07 01:36:38.660] [INFO ] [TR]   Prefetch factor (PF): 2
[2026-02-07 01:36:38.660] [INFO ] [TR] Configuration completed
[2026-02-07 01:36:38.660] [INFO ] [TR] Setting train mode: PARTIAL
[2026-02-07 01:36:38.660] [INFO ] [TR] Setting val mode: PARTIAL
[2026-02-07 01:36:38.660] [INFO ] [TR] DataLoader configured: load_workers=1, preproc_workers=1
[2026-02-07 01:36:38.660] [DEBUG] [TR] Freed all decode buffers, crop buffers, and handles (preprocessor.cpp:428)
[2026-02-07 01:36:38.680] [DEBUG] [TR] Allocated 128MB decode buffer + 0.150391MB crop buffer for worker 0 (preprocessor.cpp:384)
[2026-02-07 01:36:38.680] [INFO ] [TR] Allocated 1 decode buffers (128MB each) + crop output buffers (0.150391MB each)
[2026-02-07 01:36:38.680] [INFO ] [TR] Preprocessor configured: workers=1, enable_logging=false, jpeg_decode=true, apply_crop=true, log_dir=R:/renaissance/workspace
[2026-02-07 01:36:38.680] [INFO ] [TR] Preprocessor configured: world_size=1, batch_size=32, max_resolution=224, num_preproc_workers=1
[2026-02-07 01:36:38.680] [INFO ] [TR] Log directory created: R:/renaissance/workspace
[2026-02-07 01:36:38.680] [INFO ] [TR] Preprocessor configured: workers=1, enable_logging=true, jpeg_decode=false, apply_crop=false, log_dir=R:/renaissance/workspace
[2026-02-07 01:36:38.680] [INFO ] [TR] Train transforms set (placeholder)
[2026-02-07 01:36:38.680] [INFO ] [TR] Validation transforms set (placeholder)

========================================================================
CRC32 Logging Test: imagenet raw partial val
========================================================================

Configuration:
  Dataset: ImageNet
  Format: RAW
  Split: VAL
  Mode: PARTIAL
  Load workers: 1
  Preprocess workers: 1
  Max samples: 100
  CRC32 calculation: ENABLED
  CSV logging: ENABLED

CSV Output Format:
  worker_id,size,label,first_byte,crc32

Running test...

[2026-02-07 01:36:38.680] [INFO ] [TR] Beginning epoch 0 (val)
[2026-02-07 01:36:38.680] [DEBUG] [TR] Loading or creating summary: T:/dataset/imagenet/val/val_summary.bin (imagenet_loader_raw.cpp:950)
[2026-02-07 01:36:38.680] [DEBUG] [TR] Base path: T:/dataset/imagenet/val (imagenet_loader_raw.cpp:951)
[2026-02-07 01:36:38.680] [INFO ] [TR] Reading summary file: T:/dataset/imagenet/val/val_summary.bin
[2026-02-07 01:36:38.680] [DEBUG] [TR] Base path: T:/dataset/imagenet/val (imagenet_loader_raw.cpp:387)
[2026-02-07 01:36:38.680] [INFO ] [TR] Summary header validated: 50000 samples
[2026-02-07 01:36:38.682] [DEBUG] [TR] Class name mapping loaded: 1000 classes (imagenet_loader_raw.cpp:451)
[2026-02-07 01:36:38.684] [INFO ] [TR] Calculated filename pool size: 1367.19 KB
[2026-02-07 01:36:38.685] [DEBUG] [TR] Building path: base_path=T:/dataset/imagenet/val, folder_name=n02363005, filename=ILSVRC2012_val_00043893.JPEG, label=337 (imagenet_loader_raw.cpp:582)
[2026-02-07 01:36:38.685] [DEBUG] [TR] Building path: base_path=T:/dataset/imagenet/val, folder_name=n02094114, filename=ILSVRC2012_val_00001555.JPEG, label=185 (imagenet_loader_raw.cpp:582)
[2026-02-07 01:36:38.685] [DEBUG] [TR] Building path: base_path=T:/dataset/imagenet/val, folder_name=n01910747, filename=ILSVRC2012_val_00003359.JPEG, label=107 (imagenet_loader_raw.cpp:582)
[2026-02-07 01:36:38.693] [DEBUG] [TR] Part 0 loaded: 3101 samples, 399.862 MB (imagenet_loader_raw.cpp:603)
[2026-02-07 01:36:38.701] [DEBUG] [TR] Part 1 loaded: 3172 samples, 399.839 MB (imagenet_loader_raw.cpp:603)
[2026-02-07 01:36:38.709] [DEBUG] [TR] Part 2 loaded: 3130 samples, 399.754 MB (imagenet_loader_raw.cpp:603)
[2026-02-07 01:36:38.717] [DEBUG] [TR] Part 3 loaded: 3133 samples, 399.838 MB (imagenet_loader_raw.cpp:603)
[2026-02-07 01:36:38.725] [DEBUG] [TR] Part 4 loaded: 3183 samples, 399.785 MB (imagenet_loader_raw.cpp:603)
[2026-02-07 01:36:38.733] [DEBUG] [TR] Part 5 loaded: 3122 samples, 399.779 MB (imagenet_loader_raw.cpp:603)
[2026-02-07 01:36:38.740] [DEBUG] [TR] Part 6 loaded: 3165 samples, 399.85 MB (imagenet_loader_raw.cpp:603)
[2026-02-07 01:36:38.748] [DEBUG] [TR] Part 7 loaded: 3015 samples, 399.767 MB (imagenet_loader_raw.cpp:603)
[2026-02-07 01:36:38.755] [DEBUG] [TR] Part 8 loaded: 3127 samples, 399.764 MB (imagenet_loader_raw.cpp:603)
[2026-02-07 01:36:38.763] [DEBUG] [TR] Part 9 loaded: 3130 samples, 399.834 MB (imagenet_loader_raw.cpp:603)
[2026-02-07 01:36:38.770] [DEBUG] [TR] Part 10 loaded: 3097 samples, 399.848 MB (imagenet_loader_raw.cpp:603)
[2026-02-07 01:36:38.778] [DEBUG] [TR] Part 11 loaded: 3214 samples, 399.782 MB (imagenet_loader_raw.cpp:603)
[2026-02-07 01:36:38.786] [DEBUG] [TR] Part 12 loaded: 3143 samples, 399.907 MB (imagenet_loader_raw.cpp:603)
[2026-02-07 01:36:38.793] [DEBUG] [TR] Part 13 loaded: 3052 samples, 399.751 MB (imagenet_loader_raw.cpp:603)
[2026-02-07 01:36:38.801] [DEBUG] [TR] Part 14 loaded: 3141 samples, 399.754 MB (imagenet_loader_raw.cpp:603)
[2026-02-07 01:36:38.809] [DEBUG] [TR] Part 15 loaded: 3075 samples, 398.761 MB (imagenet_loader_raw.cpp:603)
[2026-02-07 01:36:38.809] [INFO ] [TR] Validating file paths...
[2026-02-07 01:36:38.809] [INFO ] [TR] Summary file loaded and validated: 50000 samples, 50000 valid paths
[2026-02-07 01:36:38.809] [DEBUG] [TR] Summary file read successfully, validating... (imagenet_loader_raw.cpp:955)
[2026-02-07 01:36:39.119] [INFO ] [TR] Summary file loaded and validated successfully
[2026-02-07 01:36:39.119] [INFO ] [TR] Summary loaded for validation set
[2026-02-07 01:36:39.119] [INFO ] [TR] PARTIAL mode buffers not allocated, allocating now...
[2026-02-07 01:36:39.119] [INFO ] [TR] Allocating buffers for val set (mode=PARTIAL)
[2026-02-07 01:36:39.119] [INFO ] [TR] PARTIAL mode: allocating dual buffers
[2026-02-07 01:36:39.119] [INFO ] [TR]   Buffer capacity: 128 MB
[2026-02-07 01:36:39.119] [INFO ] [TR]   Number of slots: 2
[2026-02-07 01:36:39.119] [DEBUG] [TR] VirtualAlloc succeeded: 128 MB (imagenet_loader_raw.cpp:159)
[2026-02-07 01:36:39.119] [INFO ] [TR]   Buffer A allocated: 128 MB
[2026-02-07 01:36:39.119] [DEBUG] [TR] VirtualAlloc succeeded: 128 MB (imagenet_loader_raw.cpp:159)
[2026-02-07 01:36:39.119] [INFO ] [TR]   Buffer B allocated: 128 MB
[2026-02-07 01:36:39.119] [INFO ] [TR] PARTIAL mode dual buffers allocated successfully
[2026-02-07 01:36:39.119] [DEBUG] [TR] Reset part_next_indices to 0 for new epoch (imagenet_loader_raw.cpp:1137)
[2026-02-07 01:36:39.120] [INFO ] [TR] Loading buffer 0...
[2026-02-07 01:36:39.120] [DEBUG] [TR] RawBuffer reset to EMPTY state (imagenet_loader_raw.cpp:45)
[2026-02-07 01:36:39.120] [DEBUG] [TR] IO worker 0 started (imagenet_loader_raw.cpp:1503)
[2026-02-07 01:36:39.120] [DEBUG] [TR] [LOAD] Thread=0, Sample #1, File=ILSVRC2012_val_00043893.JPEG, DataPtr=0000025DAE2E0000, buffer.data=0000025DAE2E0000, SlotBase=0000025DAE2E0000, Offset=0, ValidBytes=127986, Label=337 (imagenet_loader_raw.cpp:1563)
[2026-02-07 01:36:39.120] [DEBUG] [TR] [LOAD] Thread=0, Sample #2, File=ILSVRC2012_val_00001555.JPEG, DataPtr=0000025DAE2FF400, buffer.data=0000025DAE2E0000, SlotBase=0000025DAE2E0000, Offset=128000, ValidBytes=157819, Label=185 (imagenet_loader_raw.cpp:1563)
[2026-02-07 01:36:39.120] [DEBUG] [TR] [LOAD] Thread=0, Sample #3, File=ILSVRC2012_val_00003359.JPEG, DataPtr=0000025DAE325C80, buffer.data=0000025DAE2E0000, SlotBase=0000025DAE2E0000, Offset=285824, ValidBytes=150105, Label=107 (imagenet_loader_raw.cpp:1563)
[2026-02-07 01:36:39.120] [DEBUG] [TR] [LOAD] Thread=0, Sample #4, File=ILSVRC2012_val_00009182.JPEG, DataPtr=0000025DAE34A700, buffer.data=0000025DAE2E0000, SlotBase=0000025DAE2E0000, Offset=435968, ValidBytes=127165, Label=778 (imagenet_loader_raw.cpp:1563)
[2026-02-07 01:36:39.121] [DEBUG] [TR] [LOAD] Thread=0, Sample #5, File=ILSVRC2012_val_00019887.JPEG, DataPtr=0000025DAE3697C0, buffer.data=0000025DAE2E0000, SlotBase=0000025DAE2E0000, Offset=563136, ValidBytes=81417, Label=471 (imagenet_loader_raw.cpp:1563)
[2026-02-07 01:36:39.121] [DEBUG] [TR] [LOAD] Thread=0, Sample #6, File=ILSVRC2012_val_00045564.JPEG, DataPtr=0000025DAE37D600, buffer.data=0000025DAE2E0000, SlotBase=0000025DAE2E0000, Offset=644608, ValidBytes=179165, Label=519 (imagenet_loader_raw.cpp:1563)
[2026-02-07 01:36:39.121] [DEBUG] [TR] [LOAD] Thread=0, Sample #7, File=ILSVRC2012_val_00037419.JPEG, DataPtr=0000025DAE3A9200, buffer.data=0000025DAE2E0000, SlotBase=0000025DAE2E0000, Offset=823808, ValidBytes=117328, Label=842 (imagenet_loader_raw.cpp:1563)
[2026-02-07 01:36:39.121] [DEBUG] [TR] [LOAD] Thread=0, Sample #8, File=ILSVRC2012_val_00040359.JPEG, DataPtr=0000025DAE3C5C80, buffer.data=0000025DAE2E0000, SlotBase=0000025DAE2E0000, Offset=941184, ValidBytes=160696, Label=88 (imagenet_loader_raw.cpp:1563)
[2026-02-07 01:36:39.121] [DEBUG] [TR] [LOAD] Thread=0, Sample #9, File=ILSVRC2012_val_00042487.JPEG, DataPtr=0000025DAE3ED040, buffer.data=0000025DAE2E0000, SlotBase=0000025DAE2E0000, Offset=1101888, ValidBytes=107487, Label=569 (imagenet_loader_raw.cpp:1563)
[2026-02-07 01:36:39.121] [DEBUG] [TR] [LOAD] Thread=0, Sample #10, File=ILSVRC2012_val_00021518.JPEG, DataPtr=0000025DAE407440, buffer.data=0000025DAE2E0000, SlotBase=0000025DAE2E0000, Offset=1209408, ValidBytes=169203, Label=599 (imagenet_loader_raw.cpp:1563)
[2026-02-07 01:36:39.167] [DEBUG] [TR] IO worker 0 finished: 962 samples (imagenet_loader_raw.cpp:1582)
[2026-02-07 01:36:39.167] [DEBUG] [TR] Collected 962 samples from buffer (imagenet_loader_raw.cpp:1806)
[2026-02-07 01:36:39.167] [INFO ] [TR] Buffer 0 loaded: 962 samples
[2026-02-07 01:36:39.167] [INFO ] [TR] Buffer A loaded: 962 samples
[2026-02-07 01:36:39.167] [INFO ] [TR] Epoch 0 started successfully
Note: Processing all samples (max_samples limit not implemented for this test)
[2026-02-07 01:36:39.167] [INFO ] [TR] Preprocessor starting with 1 workers (persistent mode)
[2026-02-07 01:36:39.167] [INFO ] [TR] Clearing old log files in: R:/renaissance/workspace
[2026-02-07 01:36:39.167] [INFO ] [TR] Starting 1 persistent worker threads
[2026-02-07 01:36:39.281] [INFO ] [TR] All persistent workers started successfully
[2026-02-07 01:36:39.281] [INFO ] [TR] Persistent worker pool started, entering main loop
[2026-02-07 01:36:39.281] [INFO ] [TR] === Buffer 1: Notifying workers ===
[2026-02-07 01:36:39.295] [DEBUG] [TR] [GET DEBUG] GlobalSample=0, ready_buffer=00007FF7BA318980, ready_buffer->data=0000025DAE2E0000, &buffer_A=00007FF7BA318980, buffer_A.data=0000025DAE2E0000, &buffer_B=00007FF7BA3189F8, buffer_B.data=0000025DB62E0000 (imagenet_loader_raw.cpp:2002)
[2026-02-07 01:36:39.295] [DEBUG] [TR] [GET] Worker=0, GlobalSample=0, SlotIdx=0, SampleIdx=0, DataPtr=0000025DAE2E0000, BufferBase=0000025DAE2E0000, SlotOffset=0, LocalOffset=0, ValidBytes=127986, Label=337 (imagenet_loader_raw.cpp:2063)
[2026-02-07 01:36:39.296] [DEBUG] [TR] [GET] Worker=0, GlobalSample=1, SlotIdx=0, SampleIdx=1, DataPtr=0000025DAE2FF400, BufferBase=0000025DAE2E0000, SlotOffset=0, LocalOffset=128000, ValidBytes=157819, Label=185 (imagenet_loader_raw.cpp:2063)
[2026-02-07 01:36:39.296] [DEBUG] [TR] [GET] Worker=0, GlobalSample=2, SlotIdx=0, SampleIdx=2, DataPtr=0000025DAE325C80, BufferBase=0000025DAE2E0000, SlotOffset=0, LocalOffset=285824, ValidBytes=150105, Label=107 (imagenet_loader_raw.cpp:2063)
[2026-02-07 01:36:39.297] [DEBUG] [TR] [GET] Worker=0, GlobalSample=3, SlotIdx=0, SampleIdx=3, DataPtr=0000025DAE34A700, BufferBase=0000025DAE2E0000, SlotOffset=0, LocalOffset=435968, ValidBytes=127165, Label=778 (imagenet_loader_raw.cpp:2063)
[2026-02-07 01:36:39.297] [DEBUG] [TR] [GET] Worker=0, GlobalSample=4, SlotIdx=0, SampleIdx=4, DataPtr=0000025DAE3697C0, BufferBase=0000025DAE2E0000, SlotOffset=0, LocalOffset=563136, ValidBytes=81417, Label=471 (imagenet_loader_raw.cpp:2063)
[2026-02-07 01:36:39.297] [DEBUG] [TR] [GET] Worker=0, GlobalSample=5, SlotIdx=0, SampleIdx=5, DataPtr=0000025DAE37D600, BufferBase=0000025DAE2E0000, SlotOffset=0, LocalOffset=644608, ValidBytes=179165, Label=519 (imagenet_loader_raw.cpp:2063)
[2026-02-07 01:36:39.298] [DEBUG] [TR] [GET] Worker=0, GlobalSample=6, SlotIdx=0, SampleIdx=6, DataPtr=0000025DAE3A9200, BufferBase=0000025DAE2E0000, SlotOffset=0, LocalOffset=823808, ValidBytes=117328, Label=842 (imagenet_loader_raw.cpp:2063)
[2026-02-07 01:36:39.298] [DEBUG] [TR] [GET] Worker=0, GlobalSample=7, SlotIdx=0, SampleIdx=7, DataPtr=0000025DAE3C5C80, BufferBase=0000025DAE2E0000, SlotOffset=0, LocalOffset=941184, ValidBytes=160696, Label=88 (imagenet_loader_raw.cpp:2063)
[2026-02-07 01:36:39.298] [DEBUG] [TR] [GET] Worker=0, GlobalSample=8, SlotIdx=0, SampleIdx=8, DataPtr=0000025DAE3ED040, BufferBase=0000025DAE2E0000, SlotOffset=0, LocalOffset=1101888, ValidBytes=107487, Label=569 (imagenet_loader_raw.cpp:2063)
[2026-02-07 01:36:39.299] [DEBUG] [TR] [GET] Worker=0, GlobalSample=9, SlotIdx=0, SampleIdx=9, DataPtr=0000025DAE407440, BufferBase=0000025DAE2E0000, SlotOffset=0, LocalOffset=1209408, ValidBytes=169203, Label=599 (imagenet_loader_raw.cpp:2063)
[2026-02-07 01:36:39.406] [DEBUG] [TR] [GET DEBUG] GlobalSample=962, ready_buffer=00007FF7BA318980, ready_buffer->data=0000025DAE2E0000, &buffer_A=00007FF7BA318980, buffer_A.data=0000025DAE2E0000, &buffer_B=00007FF7BA3189F8, buffer_B.data=0000025DB62E0000 (imagenet_loader_raw.cpp:2002)
[2026-02-07 01:36:39.406] [DEBUG] [TR] Worker 0 sample 962 outside buffer range [0, 962), returning false to JOIN (imagenet_loader_raw.cpp:2018)
[2026-02-07 01:36:39.417] [INFO ] [TR] === Buffer 1: All workers finished ===
[2026-02-07 01:36:39.417] [INFO ] [TR] Triggering next buffer load...
[2026-02-07 01:36:39.417] [INFO ] [TR] Loading next buffer: seq=1
[2026-02-07 01:36:39.417] [INFO ] [TR] Loading buffer 1...
[2026-02-07 01:36:39.417] [DEBUG] [TR] RawBuffer reset to EMPTY state (imagenet_loader_raw.cpp:45)
[2026-02-07 01:36:39.418] [DEBUG] [TR] IO worker 0 started (imagenet_loader_raw.cpp:1503)
[2026-02-07 01:36:39.418] [DEBUG] [TR] [LOAD] Thread=0, Sample #1, File=ILSVRC2012_val_00016403.JPEG, DataPtr=0000025DB62E0000, buffer.data=0000025DB62E0000, SlotBase=0000025DB62E0000, Offset=0, ValidBytes=223071, Label=423 (imagenet_loader_raw.cpp:1563)
[2026-02-07 01:36:39.418] [DEBUG] [TR] [LOAD] Thread=0, Sample #2, File=ILSVRC2012_val_00009480.JPEG, DataPtr=0000025DB6316780, buffer.data=0000025DB62E0000, SlotBase=0000025DB62E0000, Offset=223104, ValidBytes=167442, Label=223 (imagenet_loader_raw.cpp:1563)
[2026-02-07 01:36:39.419] [DEBUG] [TR] [LOAD] Thread=0, Sample #3, File=ILSVRC2012_val_00006493.JPEG, DataPtr=0000025DB633F5C0, buffer.data=0000025DB62E0000, SlotBase=0000025DB62E0000, Offset=390592, ValidBytes=119712, Label=532 (imagenet_loader_raw.cpp:1563)
[2026-02-07 01:36:39.419] [DEBUG] [TR] [LOAD] Thread=0, Sample #4, File=ILSVRC2012_val_00033686.JPEG, DataPtr=0000025DB635C980, buffer.data=0000025DB62E0000, SlotBase=0000025DB62E0000, Offset=510336, ValidBytes=103768, Label=320 (imagenet_loader_raw.cpp:1563)
[2026-02-07 01:36:39.419] [DEBUG] [TR] [LOAD] Thread=0, Sample #5, File=ILSVRC2012_val_00048120.JPEG, DataPtr=0000025DB6375F00, buffer.data=0000025DB62E0000, SlotBase=0000025DB62E0000, Offset=614144, ValidBytes=133643, Label=245 (imagenet_loader_raw.cpp:1563)
[2026-02-07 01:36:39.419] [DEBUG] [TR] [LOAD] Thread=0, Sample #6, File=ILSVRC2012_val_00044973.JPEG, DataPtr=0000025DB6396940, buffer.data=0000025DB62E0000, SlotBase=0000025DB62E0000, Offset=747840, ValidBytes=166398, Label=788 (imagenet_loader_raw.cpp:1563)
[2026-02-07 01:36:39.419] [DEBUG] [TR] [LOAD] Thread=0, Sample #7, File=ILSVRC2012_val_00018939.JPEG, DataPtr=0000025DB63BF340, buffer.data=0000025DB62E0000, SlotBase=0000025DB62E0000, Offset=914240, ValidBytes=186384, Label=131 (imagenet_loader_raw.cpp:1563)
[2026-02-07 01:36:39.419] [DEBUG] [TR] [LOAD] Thread=0, Sample #8, File=ILSVRC2012_val_00034184.JPEG, DataPtr=0000025DB63ECB80, buffer.data=0000025DB62E0000, SlotBase=0000025DB62E0000, Offset=1100672, ValidBytes=182624, Label=171 (imagenet_loader_raw.cpp:1563)
[2026-02-07 01:36:39.419] [DEBUG] [TR] [LOAD] Thread=0, Sample #9, File=ILSVRC2012_val_00042541.JPEG, DataPtr=0000025DB6419500, buffer.data=0000025DB62E0000, SlotBase=0000025DB62E0000, Offset=1283328, ValidBytes=142741, Label=99 (imagenet_loader_raw.cpp:1563)
[2026-02-07 01:36:39.419] [DEBUG] [TR] [LOAD] Thread=0, Sample #10, File=ILSVRC2012_val_00029890.JPEG, DataPtr=0000025DB643C2C0, buffer.data=0000025DB62E0000, SlotBase=0000025DB62E0000, Offset=1426112, ValidBytes=238113, Label=364 (imagenet_loader_raw.cpp:1563)
[2026-02-07 01:36:39.465] [DEBUG] [TR] IO worker 0 finished: 1049 samples (imagenet_loader_raw.cpp:1582)
[2026-02-07 01:36:39.465] [DEBUG] [TR] Collected 1049 samples from buffer (imagenet_loader_raw.cpp:1806)
[2026-02-07 01:36:39.465] [INFO ] [TR] Buffer 1 loaded: 1049 samples
[2026-02-07 01:36:39.465] [DEBUG] [TR] RawBuffer reset to EMPTY state (imagenet_loader_raw.cpp:45)
[2026-02-07 01:36:39.465] [INFO ] [TR] Switched to buffer 1
[2026-02-07 01:36:39.465] [INFO ] [TR] === Buffer 2: Notifying workers ===
[2026-02-07 01:36:39.468] [DEBUG] [TR] [GET DEBUG] GlobalSample=962, ready_buffer=00007FF7BA3189F8, ready_buffer->data=0000025DB62E0000, &buffer_A=00007FF7BA318980, buffer_A.data=0000025DAE2E0000, &buffer_B=00007FF7BA3189F8, buffer_B.data=0000025DB62E0000 (imagenet_loader_raw.cpp:2002)
[2026-02-07 01:36:39.468] [DEBUG] [TR] [GET] Worker=0, GlobalSample=962, SlotIdx=0, SampleIdx=962, DataPtr=0000025DBD8DF9C0, BufferBase=0000025DB62E0000, SlotOffset=0, LocalOffset=123730368, ValidBytes=109244, Label=539 (imagenet_loader_raw.cpp:2063)
[2026-02-07 01:36:39.468] [DEBUG] [TR] [GET] Worker=0, GlobalSample=963, SlotIdx=0, SampleIdx=963, DataPtr=0000025DBD8FA480, BufferBase=0000025DB62E0000, SlotOffset=0, LocalOffset=123839616, ValidBytes=145085, Label=578 (imagenet_loader_raw.cpp:2063)
[2026-02-07 01:36:39.469] [DEBUG] [TR] [GET] Worker=0, GlobalSample=964, SlotIdx=0, SampleIdx=964, DataPtr=0000025DBD91DB40, BufferBase=0000025DB62E0000, SlotOffset=0, LocalOffset=123984704, ValidBytes=128248, Label=910 (imagenet_loader_raw.cpp:2063)
[2026-02-07 01:36:39.469] [DEBUG] [TR] [GET] Worker=0, GlobalSample=965, SlotIdx=0, SampleIdx=965, DataPtr=0000025DBD93D040, BufferBase=0000025DB62E0000, SlotOffset=0, LocalOffset=124112960, ValidBytes=184537, Label=758 (imagenet_loader_raw.cpp:2063)
[2026-02-07 01:36:39.469] [DEBUG] [TR] [GET] Worker=0, GlobalSample=966, SlotIdx=0, SampleIdx=966, DataPtr=0000025DBD96A140, BufferBase=0000025DB62E0000, SlotOffset=0, LocalOffset=124297536, ValidBytes=121090, Label=931 (imagenet_loader_raw.cpp:2063)
[2026-02-07 01:36:39.469] [DEBUG] [TR] [GET] Worker=0, GlobalSample=967, SlotIdx=0, SampleIdx=967, DataPtr=0000025DBD987A80, BufferBase=0000025DB62E0000, SlotOffset=0, LocalOffset=124418688, ValidBytes=102380, Label=183 (imagenet_loader_raw.cpp:2063)
[2026-02-07 01:36:39.469] [DEBUG] [TR] [GET] Worker=0, GlobalSample=968, SlotIdx=0, SampleIdx=968, DataPtr=0000025DBD9A0A80, BufferBase=0000025DB62E0000, SlotOffset=0, LocalOffset=124521088, ValidBytes=203392, Label=305 (imagenet_loader_raw.cpp:2063)
[2026-02-07 01:36:39.469] [DEBUG] [TR] [GET] Worker=0, GlobalSample=969, SlotIdx=0, SampleIdx=969, DataPtr=0000025DBD9D2500, BufferBase=0000025DB62E0000, SlotOffset=0, LocalOffset=124724480, ValidBytes=184092, Label=400 (imagenet_loader_raw.cpp:2063)
[2026-02-07 01:36:39.470] [DEBUG] [TR] [GET] Worker=0, GlobalSample=970, SlotIdx=0, SampleIdx=970, DataPtr=0000025DBD9FF440, BufferBase=0000025DB62E0000, SlotOffset=0, LocalOffset=124908608, ValidBytes=135999, Label=160 (imagenet_loader_raw.cpp:2063)
[2026-02-07 01:36:39.470] [DEBUG] [TR] [GET] Worker=0, GlobalSample=971, SlotIdx=0, SampleIdx=971, DataPtr=0000025DBDA20780, BufferBase=0000025DB62E0000, SlotOffset=0, LocalOffset=125044608, ValidBytes=167735, Label=637 (imagenet_loader_raw.cpp:2063)
[2026-02-07 01:36:39.476] [DEBUG] [TR] Worker 0 sample 1049 outside buffer range [0, 1049), returning false to JOIN (imagenet_loader_raw.cpp:2018)
[2026-02-07 01:36:39.483] [INFO ] [TR] === Buffer 2: All workers finished ===
[2026-02-07 01:36:39.483] [INFO ] [TR] Triggering next buffer load...
[2026-02-07 01:36:39.483] [INFO ] [TR] Loading next buffer: seq=2
[2026-02-07 01:36:39.483] [INFO ] [TR] Loading buffer 2...
[2026-02-07 01:36:39.483] [DEBUG] [TR] RawBuffer reset to EMPTY state (imagenet_loader_raw.cpp:45)
[2026-02-07 01:36:39.483] [DEBUG] [TR] IO worker 0 started (imagenet_loader_raw.cpp:1503)
[2026-02-07 01:36:39.518] [DEBUG] [TR] IO worker 0 finished: 1931 samples (imagenet_loader_raw.cpp:1582)
[2026-02-07 01:36:39.518] [DEBUG] [TR] Collected 1931 samples from buffer (imagenet_loader_raw.cpp:1806)
[2026-02-07 01:36:39.518] [INFO ] [TR] Buffer 2 loaded: 1931 samples
[2026-02-07 01:36:39.518] [DEBUG] [TR] RawBuffer reset to EMPTY state (imagenet_loader_raw.cpp:45)
[2026-02-07 01:36:39.518] [INFO ] [TR] Switched to buffer 2
[2026-02-07 01:36:39.518] [INFO ] [TR] === Buffer 3: Notifying workers ===
[2026-02-07 01:36:39.712] [DEBUG] [TR] Worker 0 sample 2980 outside buffer range [1049, 2980), returning false to JOIN (imagenet_loader_raw.cpp:2018)
[2026-02-07 01:36:39.722] [INFO ] [TR] === Buffer 3: All workers finished ===
[2026-02-07 01:36:39.722] [INFO ] [TR] Triggering next buffer load...
[2026-02-07 01:36:39.722] [INFO ] [TR] Loading next buffer: seq=3
[2026-02-07 01:36:39.722] [INFO ] [TR] Loading buffer 3...
[2026-02-07 01:36:39.722] [DEBUG] [TR] RawBuffer reset to EMPTY state (imagenet_loader_raw.cpp:45)
[2026-02-07 01:36:39.722] [DEBUG] [TR] IO worker 0 started (imagenet_loader_raw.cpp:1503)
[2026-02-07 01:36:39.755] [DEBUG] [TR] IO worker 0 finished: 2078 samples (imagenet_loader_raw.cpp:1582)
[2026-02-07 01:36:39.755] [DEBUG] [TR] Collected 2078 samples from buffer (imagenet_loader_raw.cpp:1806)
[2026-02-07 01:36:39.756] [INFO ] [TR] Buffer 3 loaded: 2078 samples
[2026-02-07 01:36:39.756] [DEBUG] [TR] RawBuffer reset to EMPTY state (imagenet_loader_raw.cpp:45)
[2026-02-07 01:36:39.756] [INFO ] [TR] Switched to buffer 3
[2026-02-07 01:36:39.756] [INFO ] [TR] === Buffer 4: Notifying workers ===
[2026-02-07 01:36:39.953] [DEBUG] [TR] Worker 0 sample 5058 outside buffer range [2980, 5058), returning false to JOIN (imagenet_loader_raw.cpp:2018)
[2026-02-07 01:36:39.955] [INFO ] [TR] === Buffer 4: All workers finished ===
[2026-02-07 01:36:39.955] [INFO ] [TR] Triggering next buffer load...
[2026-02-07 01:36:39.955] [INFO ] [TR] Loading next buffer: seq=4
[2026-02-07 01:36:39.955] [INFO ] [TR] Loading buffer 4...
[2026-02-07 01:36:39.955] [DEBUG] [TR] RawBuffer reset to EMPTY state (imagenet_loader_raw.cpp:45)
[2026-02-07 01:36:39.955] [DEBUG] [TR] IO worker 0 started (imagenet_loader_raw.cpp:1503)
[2026-02-07 01:36:39.987] [DEBUG] [TR] IO worker 0 finished: 2919 samples (imagenet_loader_raw.cpp:1582)
[2026-02-07 01:36:39.987] [DEBUG] [TR] Collected 2919 samples from buffer (imagenet_loader_raw.cpp:1806)
[2026-02-07 01:36:39.987] [INFO ] [TR] Buffer 4 loaded: 2919 samples
[2026-02-07 01:36:39.987] [DEBUG] [TR] RawBuffer reset to EMPTY state (imagenet_loader_raw.cpp:45)
[2026-02-07 01:36:39.987] [INFO ] [TR] Switched to buffer 4
[2026-02-07 01:36:39.987] [INFO ] [TR] === Buffer 5: Notifying workers ===
[2026-02-07 01:36:40.273] [DEBUG] [TR] Worker 0 sample 7977 outside buffer range [5058, 7977), returning false to JOIN (imagenet_loader_raw.cpp:2018)
[2026-02-07 01:36:40.282] [INFO ] [TR] === Buffer 5: All workers finished ===
[2026-02-07 01:36:40.282] [INFO ] [TR] Triggering next buffer load...
[2026-02-07 01:36:40.282] [INFO ] [TR] Loading next buffer: seq=5
[2026-02-07 01:36:40.282] [INFO ] [TR] Loading buffer 5...
[2026-02-07 01:36:40.282] [DEBUG] [TR] RawBuffer reset to EMPTY state (imagenet_loader_raw.cpp:45)
[2026-02-07 01:36:40.282] [DEBUG] [TR] IO worker 0 started (imagenet_loader_raw.cpp:1503)
[2026-02-07 01:36:40.313] [DEBUG] [TR] IO worker 0 finished: 3102 samples (imagenet_loader_raw.cpp:1582)
[2026-02-07 01:36:40.313] [DEBUG] [TR] Collected 3102 samples from buffer (imagenet_loader_raw.cpp:1806)
[2026-02-07 01:36:40.313] [INFO ] [TR] Buffer 5 loaded: 3102 samples
[2026-02-07 01:36:40.313] [DEBUG] [TR] RawBuffer reset to EMPTY state (imagenet_loader_raw.cpp:45)
[2026-02-07 01:36:40.313] [INFO ] [TR] Switched to buffer 5
[2026-02-07 01:36:40.313] [INFO ] [TR] === Buffer 6: Notifying workers ===
[2026-02-07 01:36:40.608] [DEBUG] [TR] Worker 0 sample 11079 outside buffer range [7977, 11079), returning false to JOIN (imagenet_loader_raw.cpp:2018)
[2026-02-07 01:36:40.616] [INFO ] [TR] === Buffer 6: All workers finished ===
[2026-02-07 01:36:40.616] [INFO ] [TR] Triggering next buffer load...
[2026-02-07 01:36:40.616] [INFO ] [TR] Loading next buffer: seq=6
[2026-02-07 01:36:40.616] [INFO ] [TR] Loading buffer 6...
[2026-02-07 01:36:40.616] [DEBUG] [TR] RawBuffer reset to EMPTY state (imagenet_loader_raw.cpp:45)
[2026-02-07 01:36:40.616] [DEBUG] [TR] IO worker 0 started (imagenet_loader_raw.cpp:1503)
[2026-02-07 01:36:40.650] [DEBUG] [TR] IO worker 0 finished: 3907 samples (imagenet_loader_raw.cpp:1582)
[2026-02-07 01:36:40.650] [DEBUG] [TR] Collected 3907 samples from buffer (imagenet_loader_raw.cpp:1806)
[2026-02-07 01:36:40.650] [INFO ] [TR] Buffer 6 loaded: 3907 samples
[2026-02-07 01:36:40.650] [DEBUG] [TR] RawBuffer reset to EMPTY state (imagenet_loader_raw.cpp:45)
[2026-02-07 01:36:40.650] [INFO ] [TR] Switched to buffer 6
[2026-02-07 01:36:40.650] [INFO ] [TR] === Buffer 7: Notifying workers ===
[2026-02-07 01:36:41.039] [DEBUG] [TR] Worker 0 sample 14986 outside buffer range [11079, 14986), returning false to JOIN (imagenet_loader_raw.cpp:2018)
[2026-02-07 01:36:41.043] [INFO ] [TR] === Buffer 7: All workers finished ===
[2026-02-07 01:36:41.043] [INFO ] [TR] Triggering next buffer load...
[2026-02-07 01:36:41.043] [INFO ] [TR] Loading next buffer: seq=7
[2026-02-07 01:36:41.043] [INFO ] [TR] Loading buffer 7...
[2026-02-07 01:36:41.043] [DEBUG] [TR] RawBuffer reset to EMPTY state (imagenet_loader_raw.cpp:45)
[2026-02-07 01:36:41.043] [DEBUG] [TR] IO worker 0 started (imagenet_loader_raw.cpp:1503)
[2026-02-07 01:36:41.070] [DEBUG] [TR] IO worker 0 finished: 4064 samples (imagenet_loader_raw.cpp:1582)
[2026-02-07 01:36:41.070] [DEBUG] [TR] Collected 4064 samples from buffer (imagenet_loader_raw.cpp:1806)
[2026-02-07 01:36:41.070] [INFO ] [TR] Buffer 7 loaded: 4064 samples
[2026-02-07 01:36:41.071] [DEBUG] [TR] RawBuffer reset to EMPTY state (imagenet_loader_raw.cpp:45)
[2026-02-07 01:36:41.071] [INFO ] [TR] Switched to buffer 7
[2026-02-07 01:36:41.071] [INFO ] [TR] === Buffer 8: Notifying workers ===
[2026-02-07 01:36:41.449] [DEBUG] [TR] Worker 0 sample 19050 outside buffer range [14986, 19050), returning false to JOIN (imagenet_loader_raw.cpp:2018)
[2026-02-07 01:36:41.460] [INFO ] [TR] === Buffer 8: All workers finished ===
[2026-02-07 01:36:41.460] [INFO ] [TR] Triggering next buffer load...
[2026-02-07 01:36:41.460] [INFO ] [TR] Loading next buffer: seq=8
[2026-02-07 01:36:41.461] [INFO ] [TR] Loading buffer 8...
[2026-02-07 01:36:41.461] [DEBUG] [TR] RawBuffer reset to EMPTY state (imagenet_loader_raw.cpp:45)
[2026-02-07 01:36:41.461] [DEBUG] [TR] IO worker 0 started (imagenet_loader_raw.cpp:1503)
[2026-02-07 01:36:41.489] [DEBUG] [TR] IO worker 0 finished: 4903 samples (imagenet_loader_raw.cpp:1582)
[2026-02-07 01:36:41.489] [DEBUG] [TR] Collected 4903 samples from buffer (imagenet_loader_raw.cpp:1806)
[2026-02-07 01:36:41.489] [INFO ] [TR] Buffer 8 loaded: 4903 samples
[2026-02-07 01:36:41.489] [DEBUG] [TR] RawBuffer reset to EMPTY state (imagenet_loader_raw.cpp:45)
[2026-02-07 01:36:41.489] [INFO ] [TR] Switched to buffer 8
[2026-02-07 01:36:41.489] [INFO ] [TR] === Buffer 9: Notifying workers ===
[2026-02-07 01:36:41.955] [DEBUG] [TR] Worker 0 sample 23953 outside buffer range [19050, 23953), returning false to JOIN (imagenet_loader_raw.cpp:2018)
[2026-02-07 01:36:41.964] [INFO ] [TR] === Buffer 9: All workers finished ===
[2026-02-07 01:36:41.964] [INFO ] [TR] Triggering next buffer load...
[2026-02-07 01:36:41.964] [INFO ] [TR] Loading next buffer: seq=9
[2026-02-07 01:36:41.964] [INFO ] [TR] Loading buffer 9...
[2026-02-07 01:36:41.964] [DEBUG] [TR] RawBuffer reset to EMPTY state (imagenet_loader_raw.cpp:45)
[2026-02-07 01:36:41.964] [DEBUG] [TR] IO worker 0 started (imagenet_loader_raw.cpp:1503)
[2026-02-07 01:36:42.035] [DEBUG] [TR] IO worker 0 finished: 5046 samples (imagenet_loader_raw.cpp:1582)
[2026-02-07 01:36:42.036] [DEBUG] [TR] Collected 5046 samples from buffer (imagenet_loader_raw.cpp:1806)
[2026-02-07 01:36:42.036] [INFO ] [TR] Buffer 9 loaded: 5046 samples
[2026-02-07 01:36:42.036] [DEBUG] [TR] RawBuffer reset to EMPTY state (imagenet_loader_raw.cpp:45)
[2026-02-07 01:36:42.036] [INFO ] [TR] Switched to buffer 9
[2026-02-07 01:36:42.036] [INFO ] [TR] === Buffer 10: Notifying workers ===
[2026-02-07 01:36:42.515] [DEBUG] [TR] Worker 0 sample 28999 outside buffer range [23953, 28999), returning false to JOIN (imagenet_loader_raw.cpp:2018)
[2026-02-07 01:36:42.522] [INFO ] [TR] === Buffer 10: All workers finished ===
[2026-02-07 01:36:42.522] [INFO ] [TR] Triggering next buffer load...
[2026-02-07 01:36:42.522] [INFO ] [TR] Loading next buffer: seq=10
[2026-02-07 01:36:42.522] [INFO ] [TR] Loading buffer 10...
[2026-02-07 01:36:42.522] [DEBUG] [TR] RawBuffer reset to EMPTY state (imagenet_loader_raw.cpp:45)
[2026-02-07 01:36:42.522] [DEBUG] [TR] IO worker 0 started (imagenet_loader_raw.cpp:1503)
[2026-02-07 01:36:42.549] [DEBUG] [TR] IO worker 0 finished: 5888 samples (imagenet_loader_raw.cpp:1582)
[2026-02-07 01:36:42.549] [DEBUG] [TR] Collected 5888 samples from buffer (imagenet_loader_raw.cpp:1806)
[2026-02-07 01:36:42.549] [INFO ] [TR] Buffer 10 loaded: 5888 samples
[2026-02-07 01:36:42.549] [DEBUG] [TR] RawBuffer reset to EMPTY state (imagenet_loader_raw.cpp:45)
[2026-02-07 01:36:42.549] [INFO ] [TR] Switched to buffer 10
[2026-02-07 01:36:42.549] [INFO ] [TR] === Buffer 11: Notifying workers ===
[2026-02-07 01:36:43.111] [DEBUG] [TR] Worker 0 sample 34887 outside buffer range [28999, 34887), returning false to JOIN (imagenet_loader_raw.cpp:2018)
[2026-02-07 01:36:43.120] [INFO ] [TR] === Buffer 11: All workers finished ===
[2026-02-07 01:36:43.120] [INFO ] [TR] Triggering next buffer load...
[2026-02-07 01:36:43.120] [INFO ] [TR] Loading next buffer: seq=11
[2026-02-07 01:36:43.120] [INFO ] [TR] Loading buffer 11...
[2026-02-07 01:36:43.120] [DEBUG] [TR] RawBuffer reset to EMPTY state (imagenet_loader_raw.cpp:45)
[2026-02-07 01:36:43.121] [DEBUG] [TR] IO worker 0 started (imagenet_loader_raw.cpp:1503)
[2026-02-07 01:36:43.149] [DEBUG] [TR] IO worker 0 finished: 6023 samples (imagenet_loader_raw.cpp:1582)
[2026-02-07 01:36:43.149] [DEBUG] [TR] Collected 6023 samples from buffer (imagenet_loader_raw.cpp:1806)
[2026-02-07 01:36:43.149] [INFO ] [TR] Buffer 11 loaded: 6023 samples
[2026-02-07 01:36:43.149] [DEBUG] [TR] RawBuffer reset to EMPTY state (imagenet_loader_raw.cpp:45)
[2026-02-07 01:36:43.149] [INFO ] [TR] Switched to buffer 11
[2026-02-07 01:36:43.149] [INFO ] [TR] === Buffer 12: Notifying workers ===
[2026-02-07 01:36:43.710] [DEBUG] [TR] Worker 0 sample 40910 outside buffer range [34887, 40910), returning false to JOIN (imagenet_loader_raw.cpp:2018)
[2026-02-07 01:36:43.716] [INFO ] [TR] === Buffer 12: All workers finished ===
[2026-02-07 01:36:43.717] [INFO ] [TR] Triggering next buffer load...
[2026-02-07 01:36:43.717] [INFO ] [TR] Loading next buffer: seq=12
[2026-02-07 01:36:43.717] [INFO ] [TR] Loading buffer 12...
[2026-02-07 01:36:43.717] [DEBUG] [TR] RawBuffer reset to EMPTY state (imagenet_loader_raw.cpp:45)
[2026-02-07 01:36:43.717] [DEBUG] [TR] IO worker 0 started (imagenet_loader_raw.cpp:1503)
[2026-02-07 01:36:43.749] [DEBUG] [TR] IO worker 0 finished: 6866 samples (imagenet_loader_raw.cpp:1582)
[2026-02-07 01:36:43.750] [DEBUG] [TR] Collected 6866 samples from buffer (imagenet_loader_raw.cpp:1806)
[2026-02-07 01:36:43.750] [INFO ] [TR] Buffer 12 loaded: 6866 samples
[2026-02-07 01:36:43.750] [DEBUG] [TR] RawBuffer reset to EMPTY state (imagenet_loader_raw.cpp:45)
[2026-02-07 01:36:43.750] [INFO ] [TR] Switched to buffer 12
[2026-02-07 01:36:43.750] [INFO ] [TR] === Buffer 13: Notifying workers ===
[2026-02-07 01:36:44.429] [DEBUG] [TR] Worker 0 sample 47776 outside buffer range [40910, 47776), returning false to JOIN (imagenet_loader_raw.cpp:2018)
[2026-02-07 01:36:44.431] [INFO ] [TR] === Buffer 13: All workers finished ===
[2026-02-07 01:36:44.431] [INFO ] [TR] Triggering next buffer load...
[2026-02-07 01:36:44.431] [INFO ] [TR] Loading next buffer: seq=13
[2026-02-07 01:36:44.431] [INFO ] [TR] Loading buffer 13...
[2026-02-07 01:36:44.431] [DEBUG] [TR] RawBuffer reset to EMPTY state (imagenet_loader_raw.cpp:45)
[2026-02-07 01:36:44.431] [DEBUG] [TR] IO worker 0 started (imagenet_loader_raw.cpp:1503)
[2026-02-07 01:36:44.460] [DEBUG] [TR] IO worker 0 finished: 7021 samples (imagenet_loader_raw.cpp:1582)
[2026-02-07 01:36:44.460] [DEBUG] [TR] Collected 7021 samples from buffer (imagenet_loader_raw.cpp:1806)
[2026-02-07 01:36:44.460] [INFO ] [TR] Buffer 13 loaded: 7021 samples
[2026-02-07 01:36:44.460] [DEBUG] [TR] RawBuffer reset to EMPTY state (imagenet_loader_raw.cpp:45)
[2026-02-07 01:36:44.460] [INFO ] [TR] Switched to buffer 13
[2026-02-07 01:36:44.460] [INFO ] [TR] === Buffer 14: Notifying workers ===
[2026-02-07 01:36:44.671] [INFO ] [TR] === Buffer 14: All workers finished ===
[2026-02-07 01:36:44.672] [INFO ] [TR] No more buffers to load, epoch completed
[2026-02-07 01:36:44.672] [INFO ] [TR] Stopping persistent worker pool
[2026-02-07 01:36:44.687] [INFO ] [TR] Persistent Worker 0 exiting: processed 50000 samples total
[2026-02-07 01:36:44.687] [INFO ] [TR] Persistent Worker 0 exiting
[2026-02-07 01:36:44.688] [INFO ] [TR] All persistent workers stopped
[2026-02-07 01:36:44.688] [INFO ] [TR] Preprocessor completed: 50000 total samples
[2026-02-07 01:36:44.688] [INFO ] [TR] Total buffers processed: 14
[2026-02-07 01:36:44.688] [INFO ] [TR] Total epoch time: 5.52086 seconds
[2026-02-07 01:36:44.688] [DEBUG] [TR] Worker 0: 50000 samples (total) (preprocessor.cpp:201)
[2026-02-07 01:36:44.688] [INFO ] [TR] Worker sample distribution (whole epoch): min=50000, max=50000, diff=0
[2026-02-07 01:36:44.688] [INFO ] [TR] Ending epoch
[2026-02-07 01:36:44.688] [DEBUG] [TR] RawBuffer reset to EMPTY state (imagenet_loader_raw.cpp:45)
[2026-02-07 01:36:44.688] [DEBUG] [TR] RawBuffer reset to EMPTY state (imagenet_loader_raw.cpp:45)
[2026-02-07 01:36:44.688] [INFO ] [TR] Epoch ended successfully

========================================================================
Test Results:
========================================================================
  Load time:        6.008 s
  Total samples:    50000
  Expected samples: 50000
  Integrity:        PASSED
  Throughput:       8322.2 samples/s

CSV logs saved to: R:/renaissance/workspace/logs/
  (One file per worker, format: worker_<worker_id>.csv)
========================================================================

SUCCESS: CRC32 logging test completed with integrity check PASSED!

[2026-02-07 01:36:44.688] [INFO ] [TR] ImageNetLoaderRaw V1.0 destroying...
[2026-02-07 01:36:44.688] [INFO ] [TR] Freeing buffers for train set
[2026-02-07 01:36:44.688] [INFO ] [TR] Buffers freed successfully
[2026-02-07 01:36:44.688] [INFO ] [TR] Freeing buffers for val set
[2026-02-07 01:36:44.696] [DEBUG] [TR] Buffer A freed (imagenet_loader_raw.cpp:190)
[2026-02-07 01:36:44.701] [DEBUG] [TR] Buffer B freed (imagenet_loader_raw.cpp:201)
[2026-02-07 01:36:44.701] [INFO ] [TR] Buffers freed successfully
[2026-02-07 01:36:44.701] [INFO ] [TR] ImageNetLoaderRaw V1.0 destroyed
[2026-02-07 01:36:44.718] [DEBUG] [TR] Preprocessor destroyed (preprocessor.cpp:73)
